-- simple test error ----------------------------------------------------------------------[E0001]--

There has been a simple error in your code

    ,-[/test.cue:5:7]
    |
  3 | // This is a sample file
  4 | blah: {
  5 | 	foo: bool
    : 	     -v--
    : 	      `- defined as a boolean here
    * 
    * 
 11 | 
 12 | // If foo then bar is 12
 13 | if blah.foo {
    :         -v-
    :          `- referenced here
 14 | 	blah: bar: 12
 15 | }
----'

For more information please visit our great help documentation

