
── simple test error ──────────────────────────────────────────────────────────────────────[E0001]──

There has been a simple error in your code

    ╭─[ /test.cue:10:7 ]
    │
  8 │ 
  9 │ // Let's set foo to true
 10 │ blah: foo: true
    ⋮       ─┬─
    ⋮        ╰─ You sure about this?
 11 │ 
 12 │ // If foo then bar is 12
────╯

For more information please visit our great help documentation

