// main code
package main

import (
	"encore.dev/appruntime/api"
	"encore.dev/appruntime/app"
	"encore.dev/appruntime/app/appinit"
	"encore.dev/appruntime/config"
	_ "unsafe"
)

// loadApp loads the Encore app runtime.
//go:linkname loadApp encore.dev/appruntime/app.load
func loadApp() *app.LoadData {
	static := &config.Static{
		AppCommit: config.CommitInfo{
			Revision:    "",
			Uncommitted: false,
		},
		AuthData:       nil,
		EncoreCompiler: "test",
		PubsubTopics:   map[string]*config.StaticPubsubTopic{},
		TestService:    "",
		Testing:        false,
	}
	handlers := []api.Handler{}
	return &app.LoadData{
		APIHandlers: handlers,
		AuthHandler: nil,
		StaticCfg:   static,
	}
}

func main() {
	appinit.AppMain()
}
// etype package
package etype

import _ "encore.dev/appruntime/app/appinit"
