// pkg svc
package svc

import (
	"encore.dev/runtime/config"
	"os"
	_ "unsafe"
)

//go:linkname loadConfig encore.dev/runtime/config.loadConfig
func loadConfig() (*config.Config, error) {
	services := []*config.Service{{
		Endpoints: nil,
		Name:      "svc",
		RelPath:   "svc",
	}}
	static := &config.Static{
		AuthData:    "*encore.app/svc.AuthData",
		Services:    services,
		TestService: "svc",
		Testing:     true,
	}
	return &config.Config{
		Runtime: config.ParseRuntime(os.Getenv("ENCORE_RUNTIME_CONFIG")),
		Secrets: config.ParseSecrets(os.Getenv("ENCORE_APP_SECRETS")),
		Static:  static,
	}, nil
}

