// pkg otherservice
package otherservice_test

import (
	_ "encore.app/otherservice"
	"encore.app/svc"
	__api "encore.dev/appruntime/api"
	__appinit "encore.dev/appruntime/app/appinit"
	__config "encore.dev/appruntime/config"
	errs "encore.dev/beta/errs"
	middleware "encore.dev/middleware"
	"os"
	"reflect"
	_ "unsafe"
)

//go:linkname loadApp encore.dev/appruntime/app/appinit.load
func loadApp() *__appinit.LoadData {
	os.Setenv("ENCORE_DUMMY_ENV_VAR", "eyAidGVzdCI6IHRydWUgfQ")
	static := &__config.Static{
		AuthData: reflect.TypeOf((*svc.AuthData)(nil)),
		PubsubTopics: map[string]*__config.StaticPubsubTopic{"test-topic": {Subscriptions: map[string]*__config.StaticPubsubSubscription{"subscription-name": {
			Service:  "otherservice",
			TraceIdx: 1,
		}}}},
		TestAsExternalBinary: true,
		TestService:          "otherservice",
		Testing:              true,
	}
	handlers := []__api.HandlerRegistration{
		{
			Handler:    svc.EncoreInternal_CronOneHandler,
			Middleware: nil,
		},
		{
			Handler:    svc.EncoreInternal_DIHandler,
			Middleware: []*__api.Middleware{EncoreInternal_svcMyMiddleware},
		},
		{
			Handler:    svc.EncoreInternal_DIRawHandler,
			Middleware: nil,
		},
		{
			Handler:    svc.EncoreInternal_EightHandler,
			Middleware: nil,
		},
		{
			Handler:    svc.EncoreInternal_FiveHandler,
			Middleware: nil,
		},
		{
			Handler:    svc.EncoreInternal_FourHandler,
			Middleware: nil,
		},
		{
			Handler:    svc.EncoreInternal_NineHandler,
			Middleware: nil,
		},
		{
			Handler:    svc.EncoreInternal_OneHandler,
			Middleware: nil,
		},
		{
			Handler:    svc.EncoreInternal_QueryHandler,
			Middleware: nil,
		},
		{
			Handler:    svc.EncoreInternal_SevenHandler,
			Middleware: nil,
		},
		{
			Handler:    svc.EncoreInternal_SixHandler,
			Middleware: nil,
		},
		{
			Handler:    svc.EncoreInternal_TenHandler,
			Middleware: nil,
		},
		{
			Handler:    svc.EncoreInternal_ThreeHandler,
			Middleware: nil,
		},
		{
			Handler:    svc.EncoreInternal_TwoHandler,
			Middleware: nil,
		},
	}
	return &__appinit.LoadData{
		APIHandlers: handlers,
		StaticCfg:   static,
	}
}

var EncoreInternal_svcMyMiddleware = &__api.Middleware{
	DefLoc: 40,
	Global: false,
	Invoke: func(req middleware.Request, next middleware.Next) middleware.Response {
		svc, err := svc.EncoreInternal_ServiceService.Get()
		if err != nil {
			return middleware.Response{
				Err:        err,
				HTTPStatus: errs.HTTPStatus(err),
			}
		}
		return svc.MyMiddleware(req, next)
	},
	Name:    "MyMiddleware",
	PkgName: "svc",
}

// pkg svc
package svc_test

import (
	_ "encore.app/otherservice"
	"encore.app/svc"
	__api "encore.dev/appruntime/api"
	__appinit "encore.dev/appruntime/app/appinit"
	__config "encore.dev/appruntime/config"
	errs "encore.dev/beta/errs"
	middleware "encore.dev/middleware"
	"os"
	"reflect"
	_ "unsafe"
)

//go:linkname loadApp encore.dev/appruntime/app/appinit.load
func loadApp() *__appinit.LoadData {
	os.Setenv("ENCORE_DUMMY_ENV_VAR", "eyAidGVzdCI6IHRydWUgfQ")
	static := &__config.Static{
		AuthData: reflect.TypeOf((*svc.AuthData)(nil)),
		PubsubTopics: map[string]*__config.StaticPubsubTopic{"test-topic": {Subscriptions: map[string]*__config.StaticPubsubSubscription{"subscription-name": {
			Service:  "otherservice",
			TraceIdx: 1,
		}}}},
		TestAsExternalBinary: true,
		TestService:          "svc",
		Testing:              true,
	}
	handlers := []__api.HandlerRegistration{
		{
			Handler:    svc.EncoreInternal_CronOneHandler,
			Middleware: nil,
		},
		{
			Handler:    svc.EncoreInternal_DIHandler,
			Middleware: []*__api.Middleware{EncoreInternal_svcMyMiddleware},
		},
		{
			Handler:    svc.EncoreInternal_DIRawHandler,
			Middleware: nil,
		},
		{
			Handler:    svc.EncoreInternal_EightHandler,
			Middleware: nil,
		},
		{
			Handler:    svc.EncoreInternal_FiveHandler,
			Middleware: nil,
		},
		{
			Handler:    svc.EncoreInternal_FourHandler,
			Middleware: nil,
		},
		{
			Handler:    svc.EncoreInternal_NineHandler,
			Middleware: nil,
		},
		{
			Handler:    svc.EncoreInternal_OneHandler,
			Middleware: nil,
		},
		{
			Handler:    svc.EncoreInternal_QueryHandler,
			Middleware: nil,
		},
		{
			Handler:    svc.EncoreInternal_SevenHandler,
			Middleware: nil,
		},
		{
			Handler:    svc.EncoreInternal_SixHandler,
			Middleware: nil,
		},
		{
			Handler:    svc.EncoreInternal_TenHandler,
			Middleware: nil,
		},
		{
			Handler:    svc.EncoreInternal_ThreeHandler,
			Middleware: nil,
		},
		{
			Handler:    svc.EncoreInternal_TwoHandler,
			Middleware: nil,
		},
	}
	return &__appinit.LoadData{
		APIHandlers: handlers,
		StaticCfg:   static,
	}
}

var EncoreInternal_svcMyMiddleware = &__api.Middleware{
	DefLoc: 40,
	Global: false,
	Invoke: func(req middleware.Request, next middleware.Next) middleware.Response {
		svc, err := svc.EncoreInternal_ServiceService.Get()
		if err != nil {
			return middleware.Response{
				Err:        err,
				HTTPStatus: errs.HTTPStatus(err),
			}
		}
		return svc.MyMiddleware(req, next)
	},
	Name:    "MyMiddleware",
	PkgName: "svc",
}

