// pkg svc
package svc_test

import (
	"encore.app/svc"
	"encore.dev/appruntime/api"
	"encore.dev/appruntime/app/appinit"
	"encore.dev/appruntime/config"
	"reflect"
	_ "unsafe"
)

//go:linkname loadApp encore.dev/appruntime/app/appinit.load
func loadApp() *appinit.LoadData {
	static := &config.Static{
		AuthData:     reflect.TypeOf((*svc.AuthData)(nil)),
		PubsubTopics: map[string]*config.StaticPubsubTopic{},
		TestService:  "svc",
		Testing:      true,
	}
	handlers := []api.HandlerRegistration{
		{
			Handler:    svc.EncoreInternal_EightHandler,
			Middleware: nil,
		},
	}
	return &appinit.LoadData{
		APIHandlers: handlers,
		StaticCfg:   static,
	}
}

