// pkg svc
package svc_test

import (
	"encore.app/svc"
	"encore.dev/appruntime/app"
	"encore.dev/appruntime/config"
	"reflect"
	_ "unsafe"
)

//go:linkname loadApp encore.dev/appruntime/app.load
func loadApp() *app.LoadData {
	static := &config.Static{
		AuthData:     reflect.TypeOf((*svc.AuthData)(nil)),
		PubsubTopics: map[string]*config.StaticPubsubTopic{},
		TestService:  "svc",
		Testing:      true,
	}
	return &app.LoadData{
		APIHandlers: nil,
		StaticCfg:   static,
	}
}

