---
source: tsparser/src/parser/types/tests.rs
expression: result
input_file: tsparser/src/parser/types/testdata/wirespec.ts
---
{
    "Foo": Interface(
        Interface {
            fields: [
                InterfaceField {
                    name: String(
                        "a",
                    ),
                    optional: false,
                    typ: Custom(
                        WireSpec(
                            WireSpec {
                                location: Query,
                                underlying: Basic(
                                    Number,
                                ),
                                name_override: None,
                            },
                        ),
                    ),
                },
                InterfaceField {
                    name: String(
                        "b",
                    ),
                    optional: false,
                    typ: Validated(
                        Validated {
                            typ: Custom(
                                WireSpec(
                                    WireSpec {
                                        location: Query,
                                        underlying: Basic(
                                            Number,
                                        ),
                                        name_override: None,
                                    },
                                ),
                            ),
                            expr: Rule(
                                MaxVal(
                                    N(
                                        10.0,
                                    ),
                                ),
                            ),
                        },
                    ),
                },
                InterfaceField {
                    name: String(
                        "c",
                    ),
                    optional: false,
                    typ: Validated(
                        Validated {
                            typ: Custom(
                                WireSpec(
                                    WireSpec {
                                        location: Query,
                                        underlying: Basic(
                                            String,
                                        ),
                                        name_override: None,
                                    },
                                ),
                            ),
                            expr: Rule(
                                MinLen(
                                    3,
                                ),
                            ),
                        },
                    ),
                },
                InterfaceField {
                    name: String(
                        "d",
                    ),
                    optional: false,
                    typ: Validated(
                        Validated {
                            typ: Custom(
                                WireSpec(
                                    WireSpec {
                                        location: Header,
                                        underlying: Basic(
                                            String,
                                        ),
                                        name_override: Some(
                                            "X-Header",
                                        ),
                                    },
                                ),
                            ),
                            expr: Rule(
                                MinLen(
                                    3,
                                ),
                            ),
                        },
                    ),
                },
            ],
            index: None,
            call: None,
        },
    ),
}
