---
source: tsparser/src/parser/types/tests.rs
expression: result
input_file: tsparser/src/parser/types/testdata/basic.ts
---
{
    "Interface": Interface(
        Interface {
            fields: [
                InterfaceField {
                    name: String(
                        "foo",
                    ),
                    optional: false,
                    typ: Basic(
                        String,
                    ),
                },
                InterfaceField {
                    name: String(
                        "bar",
                    ),
                    optional: false,
                    typ: Basic(
                        Number,
                    ),
                },
                InterfaceField {
                    name: String(
                        "optional",
                    ),
                    optional: true,
                    typ: Basic(
                        Boolean,
                    ),
                },
            ],
            index: None,
            call: None,
        },
    ),
    "Exclude1": Union(
        Union {
            types: [
                Literal(
                    String(
                        "foo",
                    ),
                ),
                Literal(
                    String(
                        "bar",
                    ),
                ),
                Literal(
                    String(
                        "optional",
                    ),
                ),
            ],
        },
    ),
    "Pick1": Interface(
        Interface {
            fields: [
                InterfaceField {
                    name: String(
                        "foo",
                    ),
                    optional: false,
                    typ: Basic(
                        String,
                    ),
                },
            ],
            index: None,
            call: None,
        },
    ),
    "Pick2": Interface(
        Interface {
            fields: [
                InterfaceField {
                    name: String(
                        "foo",
                    ),
                    optional: false,
                    typ: Basic(
                        String,
                    ),
                },
                InterfaceField {
                    name: String(
                        "optional",
                    ),
                    optional: true,
                    typ: Basic(
                        Boolean,
                    ),
                },
            ],
            index: None,
            call: None,
        },
    ),
    "Omit1": Interface(
        Interface {
            fields: [
                InterfaceField {
                    name: String(
                        "bar",
                    ),
                    optional: false,
                    typ: Basic(
                        Number,
                    ),
                },
                InterfaceField {
                    name: String(
                        "optional",
                    ),
                    optional: true,
                    typ: Basic(
                        Boolean,
                    ),
                },
            ],
            index: None,
            call: None,
        },
    ),
    "Omit2": Interface(
        Interface {
            fields: [
                InterfaceField {
                    name: String(
                        "optional",
                    ),
                    optional: true,
                    typ: Basic(
                        Boolean,
                    ),
                },
            ],
            index: None,
            call: None,
        },
    ),
    "Partial1": Interface(
        Interface {
            fields: [
                InterfaceField {
                    name: String(
                        "foo",
                    ),
                    optional: true,
                    typ: Basic(
                        String,
                    ),
                },
                InterfaceField {
                    name: String(
                        "bar",
                    ),
                    optional: true,
                    typ: Basic(
                        Number,
                    ),
                },
                InterfaceField {
                    name: String(
                        "optional",
                    ),
                    optional: true,
                    typ: Basic(
                        Boolean,
                    ),
                },
            ],
            index: None,
            call: None,
        },
    ),
    "Index": Interface(
        Interface {
            fields: [],
            index: Some(
                (
                    Basic(
                        String,
                    ),
                    Union(
                        Union {
                            types: [
                                Basic(
                                    Boolean,
                                ),
                                Basic(
                                    Number,
                                ),
                            ],
                        },
                    ),
                ),
            ),
            call: None,
        },
    ),
    "Intersect1": Interface(
        Interface {
            fields: [
                InterfaceField {
                    name: String(
                        "foo",
                    ),
                    optional: false,
                    typ: Basic(
                        String,
                    ),
                },
                InterfaceField {
                    name: String(
                        "bar",
                    ),
                    optional: false,
                    typ: Basic(
                        Number,
                    ),
                },
            ],
            index: None,
            call: None,
        },
    ),
    "Intersect2": Interface(
        Interface {
            fields: [
                InterfaceField {
                    name: String(
                        "foo",
                    ),
                    optional: false,
                    typ: Literal(
                        String(
                            "literal",
                        ),
                    ),
                },
            ],
            index: None,
            call: None,
        },
    ),
    "Intersect3": Interface(
        Interface {
            fields: [
                InterfaceField {
                    name: String(
                        "foo",
                    ),
                    optional: false,
                    typ: Basic(
                        Never,
                    ),
                },
            ],
            index: None,
            call: None,
        },
    ),
    "Intersect4": Interface(
        Interface {
            fields: [
                InterfaceField {
                    name: String(
                        "foo",
                    ),
                    optional: false,
                    typ: Literal(
                        String(
                            "optional",
                        ),
                    ),
                },
            ],
            index: None,
            call: None,
        },
    ),
    "Intersect5": Interface(
        Interface {
            fields: [
                InterfaceField {
                    name: String(
                        "a",
                    ),
                    optional: false,
                    typ: Basic(
                        Any,
                    ),
                },
                InterfaceField {
                    name: String(
                        "b",
                    ),
                    optional: false,
                    typ: Basic(
                        String,
                    ),
                },
                InterfaceField {
                    name: String(
                        "c",
                    ),
                    optional: false,
                    typ: Basic(
                        Never,
                    ),
                },
            ],
            index: None,
            call: None,
        },
    ),
    "Enum1": Enum(
        EnumType {
            members: [
                EnumMember {
                    name: "A",
                    value: Number(
                        0,
                    ),
                },
                EnumMember {
                    name: "B",
                    value: Number(
                        1,
                    ),
                },
                EnumMember {
                    name: "C",
                    value: Number(
                        2,
                    ),
                },
                EnumMember {
                    name: "D",
                    value: String(
                        "foo",
                    ),
                },
                EnumMember {
                    name: "E",
                    value: Number(
                        5,
                    ),
                },
                EnumMember {
                    name: "F",
                    value: Number(
                        6,
                    ),
                },
            ],
        },
    ),
    "EnumFields": Union(
        Union {
            types: [
                Literal(
                    String(
                        "A",
                    ),
                ),
                Literal(
                    String(
                        "B",
                    ),
                ),
                Literal(
                    String(
                        "C",
                    ),
                ),
                Literal(
                    String(
                        "D",
                    ),
                ),
                Literal(
                    String(
                        "E",
                    ),
                ),
                Literal(
                    String(
                        "F",
                    ),
                ),
            ],
        },
    ),
    "Optional": Generic(
        Intersection(
            Intersection {
                x: Generic(
                    Mapped(
                        Mapped {
                            in_type: Named(
                                Named {
                                    obj: Object {
                                        id: ObjectId(
                                            24,
                                        ),
                                        name: Some(
                                            "Exclude",
                                        ),
                                        kind: TypeName(
                                            TypeName {
                                                decl: TypeAlias(
                                                    TsTypeAliasDecl {
                                                        span: Span {
                                                            lo: BytePos(
                                                                1794,
                                                            ),
                                                            hi: BytePos(
                                                                1839,
                                                            ),
                                                            ctxt: #0,
                                                        },
                                                        declare: false,
                                                        id: Ident {
                                                            span: Span {
                                                                lo: BytePos(
                                                                    1799,
                                                                ),
                                                                hi: BytePos(
                                                                    1806,
                                                                ),
                                                                ctxt: #2,
                                                            },
                                                            sym: "Exclude",
                                                            optional: false,
                                                        },
                                                        type_params: Some(
                                                            TsTypeParamDecl {
                                                                span: Span {
                                                                    lo: BytePos(
                                                                        1806,
                                                                    ),
                                                                    hi: BytePos(
                                                                        1812,
                                                                    ),
                                                                    ctxt: #0,
                                                                },
                                                                params: [
                                                                    TsTypeParam {
                                                                        span: Span {
                                                                            lo: BytePos(
                                                                                1807,
                                                                            ),
                                                                            hi: BytePos(
                                                                                1808,
                                                                            ),
                                                                            ctxt: #0,
                                                                        },
                                                                        name: Ident {
                                                                            span: Span {
                                                                                lo: BytePos(
                                                                                    1807,
                                                                                ),
                                                                                hi: BytePos(
                                                                                    1808,
                                                                                ),
                                                                                ctxt: #9,
                                                                            },
                                                                            sym: "T",
                                                                            optional: false,
                                                                        },
                                                                        is_in: false,
                                                                        is_out: false,
                                                                        is_const: false,
                                                                        constraint: None,
                                                                        default: None,
                                                                    },
                                                                    TsTypeParam {
                                                                        span: Span {
                                                                            lo: BytePos(
                                                                                1810,
                                                                            ),
                                                                            hi: BytePos(
                                                                                1811,
                                                                            ),
                                                                            ctxt: #0,
                                                                        },
                                                                        name: Ident {
                                                                            span: Span {
                                                                                lo: BytePos(
                                                                                    1810,
                                                                                ),
                                                                                hi: BytePos(
                                                                                    1811,
                                                                                ),
                                                                                ctxt: #9,
                                                                            },
                                                                            sym: "U",
                                                                            optional: false,
                                                                        },
                                                                        is_in: false,
                                                                        is_out: false,
                                                                        is_const: false,
                                                                        constraint: None,
                                                                        default: None,
                                                                    },
                                                                ],
                                                            },
                                                        ),
                                                        type_ann: TsConditionalType(
                                                            TsConditionalType {
                                                                span: Span {
                                                                    lo: BytePos(
                                                                        1815,
                                                                    ),
                                                                    hi: BytePos(
                                                                        1838,
                                                                    ),
                                                                    ctxt: #0,
                                                                },
                                                                check_type: TsTypeRef(
                                                                    TsTypeRef {
                                                                        span: Span {
                                                                            lo: BytePos(
                                                                                1815,
                                                                            ),
                                                                            hi: BytePos(
                                                                                1816,
                                                                            ),
                                                                            ctxt: #0,
                                                                        },
                                                                        type_name: Ident(
                                                                            Ident {
                                                                                span: Span {
                                                                                    lo: BytePos(
                                                                                        1815,
                                                                                    ),
                                                                                    hi: BytePos(
                                                                                        1816,
                                                                                    ),
                                                                                    ctxt: #9,
                                                                                },
                                                                                sym: "T",
                                                                                optional: false,
                                                                            },
                                                                        ),
                                                                        type_params: None,
                                                                    },
                                                                ),
                                                                extends_type: TsTypeRef(
                                                                    TsTypeRef {
                                                                        span: Span {
                                                                            lo: BytePos(
                                                                                1825,
                                                                            ),
                                                                            hi: BytePos(
                                                                                1826,
                                                                            ),
                                                                            ctxt: #0,
                                                                        },
                                                                        type_name: Ident(
                                                                            Ident {
                                                                                span: Span {
                                                                                    lo: BytePos(
                                                                                        1825,
                                                                                    ),
                                                                                    hi: BytePos(
                                                                                        1826,
                                                                                    ),
                                                                                    ctxt: #9,
                                                                                },
                                                                                sym: "U",
                                                                                optional: false,
                                                                            },
                                                                        ),
                                                                        type_params: None,
                                                                    },
                                                                ),
                                                                true_type: TsKeywordType(
                                                                    TsKeywordType {
                                                                        span: Span {
                                                                            lo: BytePos(
                                                                                1829,
                                                                            ),
                                                                            hi: BytePos(
                                                                                1834,
                                                                            ),
                                                                            ctxt: #0,
                                                                        },
                                                                        kind: TsNeverKeyword,
                                                                    },
                                                                ),
                                                                false_type: TsTypeRef(
                                                                    TsTypeRef {
                                                                        span: Span {
                                                                            lo: BytePos(
                                                                                1837,
                                                                            ),
                                                                            hi: BytePos(
                                                                                1838,
                                                                            ),
                                                                            ctxt: #0,
                                                                        },
                                                                        type_name: Ident(
                                                                            Ident {
                                                                                span: Span {
                                                                                    lo: BytePos(
                                                                                        1837,
                                                                                    ),
                                                                                    hi: BytePos(
                                                                                        1838,
                                                                                    ),
                                                                                    ctxt: #9,
                                                                                },
                                                                                sym: "T",
                                                                                optional: false,
                                                                            },
                                                                        ),
                                                                        type_params: None,
                                                                    },
                                                                ),
                                                            },
                                                        ),
                                                    },
                                                ),
                                            },
                                        ),
                                    },
                                    type_arguments: [
                                        Generic(
                                            Keyof(
                                                Keyof(
                                                    Generic(
                                                        TypeParam(
                                                            TypeParam {
                                                                idx: 0,
                                                                constraint: None,
                                                            },
                                                        ),
                                                    ),
                                                ),
                                            ),
                                        ),
                                        Generic(
                                            TypeParam(
                                                TypeParam {
                                                    idx: 1,
                                                    constraint: Some(
                                                        Union(
                                                            Union {
                                                                types: [
                                                                    Basic(
                                                                        String,
                                                                    ),
                                                                    Basic(
                                                                        Number,
                                                                    ),
                                                                    Basic(
                                                                        Symbol,
                                                                    ),
                                                                ],
                                                            },
                                                        ),
                                                    ),
                                                },
                                            ),
                                        ),
                                    ],
                                },
                            ),
                            value_type: Generic(
                                Index(
                                    Index {
                                        source: Generic(
                                            TypeParam(
                                                TypeParam {
                                                    idx: 0,
                                                    constraint: None,
                                                },
                                            ),
                                        ),
                                        index: Generic(
                                            MappedKeyType(
                                                MappedKeyType,
                                            ),
                                        ),
                                    },
                                ),
                            ),
                            optional: None,
                        },
                    ),
                ),
                y: Named(
                    Named {
                        obj: Object {
                            id: ObjectId(
                                19,
                            ),
                            name: Some(
                                "Partial",
                            ),
                            kind: TypeName(
                                TypeName {
                                    decl: TypeAlias(
                                        TsTypeAliasDecl {
                                            span: Span {
                                                lo: BytePos(
                                                    1192,
                                                ),
                                                hi: BytePos(
                                                    1239,
                                                ),
                                                ctxt: #0,
                                            },
                                            declare: false,
                                            id: Ident {
                                                span: Span {
                                                    lo: BytePos(
                                                        1197,
                                                    ),
                                                    hi: BytePos(
                                                        1204,
                                                    ),
                                                    ctxt: #2,
                                                },
                                                sym: "Partial",
                                                optional: false,
                                            },
                                            type_params: Some(
                                                TsTypeParamDecl {
                                                    span: Span {
                                                        lo: BytePos(
                                                            1204,
                                                        ),
                                                        hi: BytePos(
                                                            1207,
                                                        ),
                                                        ctxt: #0,
                                                    },
                                                    params: [
                                                        TsTypeParam {
                                                            span: Span {
                                                                lo: BytePos(
                                                                    1205,
                                                                ),
                                                                hi: BytePos(
                                                                    1206,
                                                                ),
                                                                ctxt: #0,
                                                            },
                                                            name: Ident {
                                                                span: Span {
                                                                    lo: BytePos(
                                                                        1205,
                                                                    ),
                                                                    hi: BytePos(
                                                                        1206,
                                                                    ),
                                                                    ctxt: #4,
                                                                },
                                                                sym: "T",
                                                                optional: false,
                                                            },
                                                            is_in: false,
                                                            is_out: false,
                                                            is_const: false,
                                                            constraint: None,
                                                            default: None,
                                                        },
                                                    ],
                                                },
                                            ),
                                            type_ann: TsMappedType(
                                                TsMappedType {
                                                    span: Span {
                                                        lo: BytePos(
                                                            1210,
                                                        ),
                                                        hi: BytePos(
                                                            1238,
                                                        ),
                                                        ctxt: #0,
                                                    },
                                                    readonly: None,
                                                    type_param: TsTypeParam {
                                                        span: Span {
                                                            lo: BytePos(
                                                                1215,
                                                            ),
                                                            hi: BytePos(
                                                                1227,
                                                            ),
                                                            ctxt: #0,
                                                        },
                                                        name: Ident {
                                                            span: Span {
                                                                lo: BytePos(
                                                                    1215,
                                                                ),
                                                                hi: BytePos(
                                                                    1216,
                                                                ),
                                                                ctxt: #4,
                                                            },
                                                            sym: "P",
                                                            optional: false,
                                                        },
                                                        is_in: false,
                                                        is_out: false,
                                                        is_const: false,
                                                        constraint: Some(
                                                            TsTypeOperator(
                                                                TsTypeOperator {
                                                                    span: Span {
                                                                        lo: BytePos(
                                                                            1220,
                                                                        ),
                                                                        hi: BytePos(
                                                                            1227,
                                                                        ),
                                                                        ctxt: #0,
                                                                    },
                                                                    op: "keyof",
                                                                    type_ann: TsTypeRef(
                                                                        TsTypeRef {
                                                                            span: Span {
                                                                                lo: BytePos(
                                                                                    1226,
                                                                                ),
                                                                                hi: BytePos(
                                                                                    1227,
                                                                                ),
                                                                                ctxt: #0,
                                                                            },
                                                                            type_name: Ident(
                                                                                Ident {
                                                                                    span: Span {
                                                                                        lo: BytePos(
                                                                                            1226,
                                                                                        ),
                                                                                        hi: BytePos(
                                                                                            1227,
                                                                                        ),
                                                                                        ctxt: #4,
                                                                                    },
                                                                                    sym: "T",
                                                                                    optional: false,
                                                                                },
                                                                            ),
                                                                            type_params: None,
                                                                        },
                                                                    ),
                                                                },
                                                            ),
                                                        ),
                                                        default: None,
                                                    },
                                                    name_type: None,
                                                    optional: Some(
                                                        True,
                                                    ),
                                                    type_ann: Some(
                                                        TsIndexedAccessType(
                                                            TsIndexedAccessType {
                                                                span: Span {
                                                                    lo: BytePos(
                                                                        1231,
                                                                    ),
                                                                    hi: BytePos(
                                                                        1235,
                                                                    ),
                                                                    ctxt: #0,
                                                                },
                                                                readonly: false,
                                                                obj_type: TsTypeRef(
                                                                    TsTypeRef {
                                                                        span: Span {
                                                                            lo: BytePos(
                                                                                1231,
                                                                            ),
                                                                            hi: BytePos(
                                                                                1232,
                                                                            ),
                                                                            ctxt: #0,
                                                                        },
                                                                        type_name: Ident(
                                                                            Ident {
                                                                                span: Span {
                                                                                    lo: BytePos(
                                                                                        1231,
                                                                                    ),
                                                                                    hi: BytePos(
                                                                                        1232,
                                                                                    ),
                                                                                    ctxt: #4,
                                                                                },
                                                                                sym: "T",
                                                                                optional: false,
                                                                            },
                                                                        ),
                                                                        type_params: None,
                                                                    },
                                                                ),
                                                                index_type: TsTypeRef(
                                                                    TsTypeRef {
                                                                        span: Span {
                                                                            lo: BytePos(
                                                                                1233,
                                                                            ),
                                                                            hi: BytePos(
                                                                                1234,
                                                                            ),
                                                                            ctxt: #0,
                                                                        },
                                                                        type_name: Ident(
                                                                            Ident {
                                                                                span: Span {
                                                                                    lo: BytePos(
                                                                                        1233,
                                                                                    ),
                                                                                    hi: BytePos(
                                                                                        1234,
                                                                                    ),
                                                                                    ctxt: #4,
                                                                                },
                                                                                sym: "P",
                                                                                optional: false,
                                                                            },
                                                                        ),
                                                                        type_params: None,
                                                                    },
                                                                ),
                                                            },
                                                        ),
                                                    ),
                                                },
                                            ),
                                        },
                                    ),
                                },
                            ),
                        },
                        type_arguments: [
                            Named(
                                Named {
                                    obj: Object {
                                        id: ObjectId(
                                            22,
                                        ),
                                        name: Some(
                                            "Pick",
                                        ),
                                        kind: TypeName(
                                            TypeName {
                                                decl: TypeAlias(
                                                    TsTypeAliasDecl {
                                                        span: Span {
                                                            lo: BytePos(
                                                                1535,
                                                            ),
                                                            hi: BytePos(
                                                                1591,
                                                            ),
                                                            ctxt: #0,
                                                        },
                                                        declare: false,
                                                        id: Ident {
                                                            span: Span {
                                                                lo: BytePos(
                                                                    1540,
                                                                ),
                                                                hi: BytePos(
                                                                    1544,
                                                                ),
                                                                ctxt: #2,
                                                            },
                                                            sym: "Pick",
                                                            optional: false,
                                                        },
                                                        type_params: Some(
                                                            TsTypeParamDecl {
                                                                span: Span {
                                                                    lo: BytePos(
                                                                        1544,
                                                                    ),
                                                                    hi: BytePos(
                                                                        1566,
                                                                    ),
                                                                    ctxt: #0,
                                                                },
                                                                params: [
                                                                    TsTypeParam {
                                                                        span: Span {
                                                                            lo: BytePos(
                                                                                1545,
                                                                            ),
                                                                            hi: BytePos(
                                                                                1546,
                                                                            ),
                                                                            ctxt: #0,
                                                                        },
                                                                        name: Ident {
                                                                            span: Span {
                                                                                lo: BytePos(
                                                                                    1545,
                                                                                ),
                                                                                hi: BytePos(
                                                                                    1546,
                                                                                ),
                                                                                ctxt: #7,
                                                                            },
                                                                            sym: "T",
                                                                            optional: false,
                                                                        },
                                                                        is_in: false,
                                                                        is_out: false,
                                                                        is_const: false,
                                                                        constraint: None,
                                                                        default: None,
                                                                    },
                                                                    TsTypeParam {
                                                                        span: Span {
                                                                            lo: BytePos(
                                                                                1548,
                                                                            ),
                                                                            hi: BytePos(
                                                                                1565,
                                                                            ),
                                                                            ctxt: #0,
                                                                        },
                                                                        name: Ident {
                                                                            span: Span {
                                                                                lo: BytePos(
                                                                                    1548,
                                                                                ),
                                                                                hi: BytePos(
                                                                                    1549,
                                                                                ),
                                                                                ctxt: #7,
                                                                            },
                                                                            sym: "K",
                                                                            optional: false,
                                                                        },
                                                                        is_in: false,
                                                                        is_out: false,
                                                                        is_const: false,
                                                                        constraint: Some(
                                                                            TsTypeOperator(
                                                                                TsTypeOperator {
                                                                                    span: Span {
                                                                                        lo: BytePos(
                                                                                            1558,
                                                                                        ),
                                                                                        hi: BytePos(
                                                                                            1565,
                                                                                        ),
                                                                                        ctxt: #0,
                                                                                    },
                                                                                    op: "keyof",
                                                                                    type_ann: TsTypeRef(
                                                                                        TsTypeRef {
                                                                                            span: Span {
                                                                                                lo: BytePos(
                                                                                                    1564,
                                                                                                ),
                                                                                                hi: BytePos(
                                                                                                    1565,
                                                                                                ),
                                                                                                ctxt: #0,
                                                                                            },
                                                                                            type_name: Ident(
                                                                                                Ident {
                                                                                                    span: Span {
                                                                                                        lo: BytePos(
                                                                                                            1564,
                                                                                                        ),
                                                                                                        hi: BytePos(
                                                                                                            1565,
                                                                                                        ),
                                                                                                        ctxt: #7,
                                                                                                    },
                                                                                                    sym: "T",
                                                                                                    optional: false,
                                                                                                },
                                                                                            ),
                                                                                            type_params: None,
                                                                                        },
                                                                                    ),
                                                                                },
                                                                            ),
                                                                        ),
                                                                        default: None,
                                                                    },
                                                                ],
                                                            },
                                                        ),
                                                        type_ann: TsMappedType(
                                                            TsMappedType {
                                                                span: Span {
                                                                    lo: BytePos(
                                                                        1569,
                                                                    ),
                                                                    hi: BytePos(
                                                                        1590,
                                                                    ),
                                                                    ctxt: #0,
                                                                },
                                                                readonly: None,
                                                                type_param: TsTypeParam {
                                                                    span: Span {
                                                                        lo: BytePos(
                                                                            1574,
                                                                        ),
                                                                        hi: BytePos(
                                                                            1580,
                                                                        ),
                                                                        ctxt: #0,
                                                                    },
                                                                    name: Ident {
                                                                        span: Span {
                                                                            lo: BytePos(
                                                                                1574,
                                                                            ),
                                                                            hi: BytePos(
                                                                                1575,
                                                                            ),
                                                                            ctxt: #7,
                                                                        },
                                                                        sym: "P",
                                                                        optional: false,
                                                                    },
                                                                    is_in: false,
                                                                    is_out: false,
                                                                    is_const: false,
                                                                    constraint: Some(
                                                                        TsTypeRef(
                                                                            TsTypeRef {
                                                                                span: Span {
                                                                                    lo: BytePos(
                                                                                        1579,
                                                                                    ),
                                                                                    hi: BytePos(
                                                                                        1580,
                                                                                    ),
                                                                                    ctxt: #0,
                                                                                },
                                                                                type_name: Ident(
                                                                                    Ident {
                                                                                        span: Span {
                                                                                            lo: BytePos(
                                                                                                1579,
                                                                                            ),
                                                                                            hi: BytePos(
                                                                                                1580,
                                                                                            ),
                                                                                            ctxt: #7,
                                                                                        },
                                                                                        sym: "K",
                                                                                        optional: false,
                                                                                    },
                                                                                ),
                                                                                type_params: None,
                                                                            },
                                                                        ),
                                                                    ),
                                                                    default: None,
                                                                },
                                                                name_type: None,
                                                                optional: None,
                                                                type_ann: Some(
                                                                    TsIndexedAccessType(
                                                                        TsIndexedAccessType {
                                                                            span: Span {
                                                                                lo: BytePos(
                                                                                    1583,
                                                                                ),
                                                                                hi: BytePos(
                                                                                    1587,
                                                                                ),
                                                                                ctxt: #0,
                                                                            },
                                                                            readonly: false,
                                                                            obj_type: TsTypeRef(
                                                                                TsTypeRef {
                                                                                    span: Span {
                                                                                        lo: BytePos(
                                                                                            1583,
                                                                                        ),
                                                                                        hi: BytePos(
                                                                                            1584,
                                                                                        ),
                                                                                        ctxt: #0,
                                                                                    },
                                                                                    type_name: Ident(
                                                                                        Ident {
                                                                                            span: Span {
                                                                                                lo: BytePos(
                                                                                                    1583,
                                                                                                ),
                                                                                                hi: BytePos(
                                                                                                    1584,
                                                                                                ),
                                                                                                ctxt: #7,
                                                                                            },
                                                                                            sym: "T",
                                                                                            optional: false,
                                                                                        },
                                                                                    ),
                                                                                    type_params: None,
                                                                                },
                                                                            ),
                                                                            index_type: TsTypeRef(
                                                                                TsTypeRef {
                                                                                    span: Span {
                                                                                        lo: BytePos(
                                                                                            1585,
                                                                                        ),
                                                                                        hi: BytePos(
                                                                                            1586,
                                                                                        ),
                                                                                        ctxt: #0,
                                                                                    },
                                                                                    type_name: Ident(
                                                                                        Ident {
                                                                                            span: Span {
                                                                                                lo: BytePos(
                                                                                                    1585,
                                                                                                ),
                                                                                                hi: BytePos(
                                                                                                    1586,
                                                                                                ),
                                                                                                ctxt: #7,
                                                                                            },
                                                                                            sym: "P",
                                                                                            optional: false,
                                                                                        },
                                                                                    ),
                                                                                    type_params: None,
                                                                                },
                                                                            ),
                                                                        },
                                                                    ),
                                                                ),
                                                            },
                                                        ),
                                                    },
                                                ),
                                            },
                                        ),
                                    },
                                    type_arguments: [
                                        Generic(
                                            TypeParam(
                                                TypeParam {
                                                    idx: 0,
                                                    constraint: None,
                                                },
                                            ),
                                        ),
                                        Generic(
                                            TypeParam(
                                                TypeParam {
                                                    idx: 1,
                                                    constraint: Some(
                                                        Generic(
                                                            Keyof(
                                                                Keyof(
                                                                    Generic(
                                                                        TypeParam(
                                                                            TypeParam {
                                                                                idx: 0,
                                                                                constraint: None,
                                                                            },
                                                                        ),
                                                                    ),
                                                                ),
                                                            ),
                                                        ),
                                                    ),
                                                },
                                            ),
                                        ),
                                    ],
                                },
                            ),
                        ],
                    },
                ),
            },
        ),
    ),
    "X": Interface(
        Interface {
            fields: [
                InterfaceField {
                    name: String(
                        "foo",
                    ),
                    optional: false,
                    typ: Basic(
                        String,
                    ),
                },
                InterfaceField {
                    name: String(
                        "optional",
                    ),
                    optional: true,
                    typ: Basic(
                        Boolean,
                    ),
                },
                InterfaceField {
                    name: String(
                        "bar",
                    ),
                    optional: true,
                    typ: Basic(
                        Number,
                    ),
                },
            ],
            index: None,
            call: None,
        },
    ),
}
