---
source: tsparser/src/parser/types/tests.rs
expression: result
input_file: tsparser/src/parser/types/testdata/namespace_import.txt
---
{
    "TestBar": Interface(
        Interface {
            fields: [
                InterfaceField {
                    name: String(
                        "id",
                    ),
                    optional: false,
                    typ: Basic(
                        Number,
                    ),
                },
                InterfaceField {
                    name: String(
                        "name",
                    ),
                    optional: false,
                    typ: Basic(
                        String,
                    ),
                },
                InterfaceField {
                    name: String(
                        "description",
                    ),
                    optional: false,
                    typ: Basic(
                        String,
                    ),
                },
            ],
            index: None,
            call: None,
        },
    ),
    "TestBaz": Interface(
        Interface {
            fields: [
                InterfaceField {
                    name: String(
                        "id",
                    ),
                    optional: false,
                    typ: Basic(
                        Number,
                    ),
                },
                InterfaceField {
                    name: String(
                        "name",
                    ),
                    optional: false,
                    typ: Basic(
                        String,
                    ),
                },
                InterfaceField {
                    name: String(
                        "description",
                    ),
                    optional: false,
                    typ: Basic(
                        String,
                    ),
                },
            ],
            index: None,
            call: None,
        },
    ),
}
